GeneMarkS: error on last system call, error code 2
Abort program!!!
